<?xml version="1.0" encoding="utf-8"?><testsuites name="pytest tests"><testsuite name="pytest" errors="0" failures="0" skipped="2" tests="139" time="77.808" timestamp="2026-10-09T11:43:59.554993+05:30" hostname="LAPTOP-G60VAD2C"><testcase classname="tests.edge_cases.test_extreme_cgm_boundaries.TestExtremeNumericBoundaries" name="test_extreme_and_invalid_glucose_sanitization" time="0.267" /><testcase classname="tests.edge_cases.test_extreme_cgm_boundaries.TestExtremeNumericBoundaries" name="test_deterministic_risk_engine_boundaries" time="0.001" /><testcase classname="tests.edge_cases.test_extreme_cgm_boundaries.TestExtremeNumericBoundaries" name="test_malformed_and_type_coercion_payloads" time="0.036" /><testcase classname="tests.edge_cases.test_extreme_cgm_boundaries.TestSequenceLengthsAndPatterns" name="test_variable_sequence_lengths" time="0.038" /><testcase classname="tests.edge_cases.test_extreme_cgm_boundaries.TestSequenceLengthsAndPatterns" name="test_cliff_drop_and_spike_patterns" time="0.122" /><testcase classname="tests.edge_cases.test_extreme_cgm_boundaries.TestSequenceLengthsAndPatterns" name="test_flatline_sequence" time="0.081" /><testcase classname="tests.edge_cases.test_model_breakpoints.TestModel1And2Breakpoints" name="test_model1_four_horizons_order_and_bounds" time="0.083" /><testcase classname="tests.edge_cases.test_model_breakpoints.TestModel1And2Breakpoints" name="test_model2_probability_normalization_and_indices" time="0.084" /><testcase classname="tests.edge_cases.test_model_breakpoints.TestModel3ContradictoryCases" name="test_contradictory_case_1_current_84_forecast_85_elevated_hypo_prob" time="0.002" /><testcase classname="tests.edge_cases.test_model_breakpoints.TestModel3ContradictoryCases" name="test_contradictory_case_2_current_65_forecast_90_low_prob" time="0.002" /><testcase classname="tests.edge_cases.test_model_breakpoints.TestModel3ContradictoryCases" name="test_contradictory_case_3_current_200_forecast_160_high_hyper_prob" time="0.002" /><testcase classname="tests.edge_cases.test_model_breakpoints.TestModel3ContradictoryCases" name="test_contradictory_case_4_current_300_faulty_in_range_prediction" time="0.001" /><testcase classname="tests.edge_cases.test_model_breakpoints.TestModel3ContradictoryCases" name="test_contradictory_case_5_missing_forecast_and_risk" time="0.001" /><testcase classname="tests.edge_cases.test_model_breakpoints.TestModel3ContradictoryCases" name="test_contradictory_case_6_dangerous_forecast_current_normal" time="0.002" /><testcase classname="tests.edge_cases.test_patient_isolation.TestPatientIsolation" name="test_distinct_patient_thresholds_applied_correctly" time="0.114" /><testcase classname="tests.edge_cases.test_patient_isolation.TestPatientIsolation" name="test_concurrent_multi_patient_inference_isolation" time="0.291" /><testcase classname="tests.edge_cases.test_patient_isolation.TestPatientIsolation" name="test_caregiver_contact_isolation" time="0.102" /><testcase classname="tests.failure_injection.test_dependency_faults.TestDependencyFaultInjection" name="test_sarvam_tts_http500_and_timeout_fault" time="1.048" /><testcase classname="tests.failure_injection.test_dependency_faults.TestDependencyFaultInjection" name="test_sarvam_tts_corrupted_json_payload_fault" time="0.469" /><testcase classname="tests.failure_injection.test_dependency_faults.TestDependencyFaultInjection" name="test_gemini_vision_api_faults_and_graceful_fallback" time="2.595" /><testcase classname="tests.failure_injection.test_dependency_faults.TestDependencyFaultInjection" name="test_whatsapp_twilio_network_fault_isolation" time="0.787" /><testcase classname="tests.failure_injection.test_dependency_faults.TestDependencyFaultInjection" name="test_missing_model_checkpoint_handling" time="0.001" /><testcase classname="tests.security.test_security_fuzzing.TestSecurityFuzzingAndResilience" name="test_xss_and_injection_in_voice_and_meal_parsers" time="24.750" /><testcase classname="tests.security.test_security_fuzzing.TestSecurityFuzzingAndResilience" name="test_unicode_and_marathi_payload_handling" time="8.082" /><testcase classname="tests.security.test_security_fuzzing.TestSecurityFuzzingAndResilience" name="test_oversized_payload_handling" time="1.197" /><testcase classname="tests.security.test_security_fuzzing.TestSecurityFuzzingAndResilience" name="test_rbac_privilege_escalation_guard" time="0.008" /><testcase classname="tests.security.test_security_fuzzing.TestSecurityFuzzingAndResilience" name="test_secret_leakage_in_error_responses" time="0.012" /><testcase classname="tests.stress.test_concurrency_stress.TestConcurrencyAndStress" name="test_stepped_concurrency_levels" time="1.092" /><testcase classname="tests.stress.test_concurrency_stress.TestConcurrencyAndStress" name="test_bounded_soak_memory_stability" time="1.157" /><testcase classname="tests.test_edge_cases" name="test_extremely_low_glucose[20.0]" time="0.082" /><testcase classname="tests.test_edge_cases" name="test_extremely_low_glucose[40.0]" time="0.025" /><testcase classname="tests.test_edge_cases" name="test_extremely_low_glucose[55.0]" time="0.022" /><testcase classname="tests.test_edge_cases" name="test_extremely_low_glucose[69.0]" time="0.025" /><testcase classname="tests.test_edge_cases" name="test_extremely_high_glucose[250.0]" time="0.020" /><testcase classname="tests.test_edge_cases" name="test_extremely_high_glucose[400.0]" time="0.020" /><testcase classname="tests.test_edge_cases" name="test_extremely_high_glucose[600.0]" time="0.039" /><testcase classname="tests.test_edge_cases" name="test_sudden_glucose_crash" time="0.020" /><testcase classname="tests.test_edge_cases" name="test_sudden_glucose_spike" time="0.027" /><testcase classname="tests.test_edge_cases" name="test_flat_glucose_for_long_periods" time="0.034" /><testcase classname="tests.test_edge_cases" name="test_first_ever_reading" time="0.020" /><testcase classname="tests.test_edge_cases" name="test_partial_cgm_history" time="0.024" /><testcase classname="tests.test_edge_cases" name="test_empty_cgm_stream_failsafe" time="0.036" /><testcase classname="tests.test_edge_cases" name="test_nan_and_invalid_values" time="0.129" /><testcase classname="tests.test_edge_cases" name="test_negative_and_outlier_glucose_values" time="0.030" /><testcase classname="tests.test_edge_cases" name="test_completely_empty_patient_profile" time="0.022" /><testcase classname="tests.test_edge_cases" name="test_inverted_impossible_thresholds" time="0.022" /><testcase classname="tests.test_edge_cases" name="test_numerical_safety_invariants" time="0.076" /><testcase classname="tests.test_edge_cases" name="test_banned_medical_patterns_guardrail" time="0.058" /><testcase classname="tests.test_edge_cases" name="test_conflicting_model_signals" time="0.025" /><testcase classname="tests.test_edge_cases" name="test_ambiguous_close_probabilities" time="0.002" /><testcase classname="tests.test_edge_cases" name="test_extremely_high_risk_probabilities" time="0.002" /><testcase classname="tests.test_edge_cases" name="test_divergent_patient_thresholds" time="0.044" /><testcase classname="tests.test_edge_cases" name="test_missing_caregiver_and_clinician_data" time="0.021" /><testcase classname="tests.test_edge_cases" name="test_explanation_numerical_consistency" time="0.026" /><testcase classname="tests.test_edge_cases" name="test_current_danger_vs_future_risk_distinction" time="0.040" /><testcase classname="tests.test_guardrails" name="test_number_fidelity_success" time="0.002" /><testcase classname="tests.test_guardrails" name="test_number_fidelity_hallucination_detected" time="0.002" /><testcase classname="tests.test_guardrails" name="test_banned_medical_patterns" time="0.004" /><testcase classname="tests.test_indian_meal_intelligence" name="test_meal_1_chapati_dal_bhindi" time="0.008" /><testcase classname="tests.test_indian_meal_intelligence" name="test_meal_2_rice_rajma_salad" time="0.006" /><testcase classname="tests.test_indian_meal_intelligence" name="test_meal_3_chapati_sabzi_gulab_jamun" time="0.006" /><testcase classname="tests.test_indian_meal_intelligence" name="test_meal_4_poha_tea" time="0.005" /><testcase classname="tests.test_indian_meal_intelligence" name="test_meal_5_dosa_sambar_chutney" time="0.005" /><testcase classname="tests.test_indian_meal_intelligence" name="test_meal_6_large_rice_dessert_sweet_beverage" time="0.005" /><testcase classname="tests.test_indian_meal_intelligence" name="test_empty_plate_edge_case" time="0.005" /><testcase classname="tests.test_indian_meal_intelligence" name="test_blurry_image_edge_case" time="0.005" /><testcase classname="tests.test_indian_meal_intelligence" name="test_corrupted_or_none_image_bytes" time="0.005" /><testcase classname="tests.test_indian_meal_intelligence" name="test_unassigned_missing_patient_id" time="0.006" /><testcase classname="tests.test_indian_meal_intelligence" name="test_non_prescription_guardrail" time="0.007" /><testcase classname="tests.test_indian_meal_intelligence" name="test_cgm_post_prandial_correlation" time="0.006" /><testcase classname="tests.test_indian_meal_intelligence" name="test_meal_history_and_patterns" time="0.002" /><testcase classname="tests.test_indian_meal_intelligence" name="test_meal_analyze_api_endpoint" time="0.035" /><testcase classname="tests.test_indian_meal_intelligence" name="test_meal_history_api_endpoint" time="0.009" /><testcase classname="tests.test_indian_meal_intelligence" name="test_meal_patterns_api_endpoint" time="0.009" /><testcase classname="tests.test_personalized_alert_engine" name="test_normal_stable_glucose" time="0.002" /><testcase classname="tests.test_personalized_alert_engine" name="test_falling_glucose_increasing_hypo_risk" time="0.001" /><testcase classname="tests.test_personalized_alert_engine" name="test_current_glucose_below_low_threshold" time="0.001" /><testcase classname="tests.test_personalized_alert_engine" name="test_predicted_glucose_below_low_threshold" time="0.001" /><testcase classname="tests.test_personalized_alert_engine" name="test_critical_hypoglycemia" time="0.001" /><testcase classname="tests.test_personalized_alert_engine" name="test_hyperglycemia_warning" time="0.001" /><testcase classname="tests.test_personalized_alert_engine" name="test_critical_hyperglycemia" time="0.001" /><testcase classname="tests.test_personalized_alert_engine" name="test_conflicting_signals_numerical_consistency" time="0.001" /><testcase classname="tests.test_personalized_alert_engine" name="test_missing_optional_patient_information" time="0.001" /><testcase classname="tests.test_personalized_alert_engine" name="test_patient_specific_threshold_personalization" time="0.002" /><testcase classname="tests.test_phase3_pipeline" name="test_number_fidelity_passes_with_exact_metrics" time="0.002" /><testcase classname="tests.test_phase3_pipeline" name="test_number_fidelity_blocks_hallucinated_metrics" time="0.001" /><testcase classname="tests.test_phase3_pipeline" name="test_medical_safety_blocks_prescribing_and_dosing" time="0.001" /><testcase classname="tests.test_phase3_pipeline" name="test_medical_safety_allows_supportive_lifestyle_nudges" time="0.001" /><testcase classname="tests.test_rbac_authorization" name="test_auth_personas_endpoint" time="0.008" /><testcase classname="tests.test_rbac_authorization" name="test_rbac_caregiver_forbidden_on_clinician_verify" time="0.007" /><testcase classname="tests.test_rbac_authorization" name="test_rbac_caregiver_forbidden_on_audit_logs" time="0.008" /><testcase classname="tests.test_rbac_authorization" name="test_auth_me_endpoint" time="0.006" /><testcase classname="tests.test_report_pdf" name="test_generate_clinical_pdf_report_full_data" time="0.030" /><testcase classname="tests.test_report_pdf" name="test_generate_clinical_pdf_report_sparse_data" time="0.016" /><testcase classname="tests.test_report_pdf" name="test_generate_clinical_pdf_report_high_risk_hypoglycemia" time="0.018" /><testcase classname="tests.test_report_pdf" name="test_clinical_report_endpoints" time="0.013"><skipped type="pytest.skip" message="Live database not reachable in current offline environment: [Errno 11001] getaddrinfo failed">C:\Users\Mitansh\Desktop\Diabeto\tests\test_report_pdf.py:139: Live database not reachable in current offline environment: [Errno 11001] getaddrinfo failed</skipped></testcase><testcase classname="tests.test_risk_engine" name="test_normal_glucose_evaluation" time="0.001" /><testcase classname="tests.test_risk_engine" name="test_critical_hypoglycemia_evaluation" time="0.001" /><testcase classname="tests.test_risk_engine" name="test_critical_hyperglycemia_evaluation" time="0.001" /><testcase classname="tests.test_risk_engine" name="test_watch_high_glucose_evaluation" time="0.001" /><testcase classname="tests.test_risk_escalation.TestConsecutiveHighs" name="test_returns_true_when_all_readings_above_threshold" time="0.001" /><testcase classname="tests.test_risk_escalation.TestConsecutiveHighs" name="test_returns_false_when_one_reading_below_threshold" time="0.001" /><testcase classname="tests.test_risk_escalation.TestConsecutiveHighs" name="test_returns_false_when_not_enough_readings" time="0.001" /><testcase classname="tests.test_risk_escalation.TestConsecutiveHighs" name="test_returns_false_for_empty_readings" time="0.001" /><testcase classname="tests.test_risk_escalation.TestConsecutiveHighs" name="test_boundary_exactly_at_threshold_counts_as_high" time="0.001" /><testcase classname="tests.test_risk_escalation.TestConsecutiveHighs" name="test_custom_window_size" time="0.001" /><testcase classname="tests.test_risk_escalation.TestConsecutiveHighs" name="test_only_first_window_readings_are_checked" time="0.001" /><testcase classname="tests.test_risk_escalation.TestConsecutiveHighs" name="test_normal_consecutive_readings_do_not_trigger" time="0.001" /><testcase classname="tests.test_risk_escalation.TestSingleReadingEvaluation" name="test_normal_reading_returns_none" time="0.001" /><testcase classname="tests.test_risk_escalation.TestSingleReadingEvaluation" name="test_exactly_at_low_boundary_is_low_glucose" time="0.001" /><testcase classname="tests.test_risk_escalation.TestSingleReadingEvaluation" name="test_below_critical_low_is_critical_hypoglycemia" time="0.001" /><testcase classname="tests.test_risk_escalation.TestSingleReadingEvaluation" name="test_above_critical_high_is_critical_hyperglycemia" time="0.001" /><testcase classname="tests.test_risk_escalation.TestSingleReadingEvaluation" name="test_between_low_and_critical_low_is_low_glucose_urgent" time="0.001" /><testcase classname="tests.test_risk_escalation.TestSingleReadingEvaluation" name="test_between_high_and_critical_high_is_watch" time="0.001" /><testcase classname="tests.test_risk_escalation.TestSingleReadingEvaluation" name="test_defaults_used_when_no_threshold_object" time="0.001" /><testcase classname="tests.test_risk_escalation.TestSingleReadingEvaluation" name="test_custom_thresholds_respected" time="0.001" /><testcase classname="tests.test_risk_escalation.TestEscalationStateMachine" name="test_tier1_at_zero_minutes" time="0.009" /><testcase classname="tests.test_risk_escalation.TestEscalationStateMachine" name="test_tier2_caregiver_escalated_after_t1" time="0.855" /><testcase classname="tests.test_risk_escalation.TestEscalationStateMachine" name="test_tier3_emergency_escalated_after_t2" time="1.198" /><testcase classname="tests.test_risk_escalation.TestEscalationStateMachine" name="test_already_acknowledged_event_is_noop" time="0.005" /><testcase classname="tests.test_risk_escalation.TestEscalationStateMachine" name="test_not_found_returns_not_found_status" time="0.003" /><testcase classname="tests.test_risk_escalation.TestAcknowledgeRiskEvent" name="test_acknowledge_sets_status" time="0.005" /><testcase classname="tests.test_risk_escalation.TestAcknowledgeRiskEvent" name="test_acknowledge_returns_false_for_missing_event" time="0.003" /><testcase classname="tests.test_sarvam_tts" name="test_1_hindi_tts" time="5.196" /><testcase classname="tests.test_sarvam_tts" name="test_2_marathi_tts" time="8.878" /><testcase classname="tests.test_sarvam_tts" name="test_3_english_tts" time="2.819" /><testcase classname="tests.test_sarvam_tts" name="test_4_critical_alert_formatting" time="0.002" /><testcase classname="tests.test_sarvam_tts" name="test_5_missing_language_fallback" time="0.001" /><testcase classname="tests.test_sarvam_tts" name="test_6_sarvam_api_failure_fallback" time="0.415" /><testcase classname="tests.test_sarvam_tts" name="test_7_missing_api_key_resilience" time="0.009" /><testcase classname="tests.test_sarvam_tts" name="test_model3_voice_integration" time="8.295" /><testcase classname="tests.test_trends_analytics" name="test_glycemic_metrics_empty" time="0.001" /><testcase classname="tests.test_trends_analytics" name="test_glycemic_metrics_normal_profile" time="0.001" /><testcase classname="tests.test_trends_analytics" name="test_glycemic_metrics_hypo_risk" time="0.001" /><testcase classname="tests.test_trends_analytics" name="test_glycemic_metrics_hyper_risk" time="0.001" /><testcase classname="tests.test_trends_analytics" name="test_context_breakdowns" time="0.001" /><testcase classname="tests.test_trends_analytics" name="test_adherence_metrics_perfect_compliance" time="0.001" /><testcase classname="tests.test_trends_analytics" name="test_adherence_metrics_partial_compliance" time="0.001" /><testcase classname="tests.test_trends_analytics" name="test_trends_api_endpoints" time="0.019"><skipped type="pytest.skip" message="Live database not reachable or loop teardown in current offline environment: [Errno 11001] getaddrinfo failed">C:\Users\Mitansh\Desktop\Diabeto\tests\test_trends_analytics.py:123: Live database not reachable or loop teardown in current offline environment: [Errno 11001] getaddrinfo failed</skipped></testcase></testsuite></testsuites>